MiniCalcFile
    Line
        AssignmentStatement
            Assignment
                'a'
                '='
                BinaryOperation
                    IntLiteral
                        '1'
                    '+'
                    IntLiteral
                        '2'
        '<EOF>'