MiniCalcFile
    Line
        VarDeclarationStatement
            VarDeclaration
                'var'
                Assignment
                    'a'
                    '='
                    BinOp
                        BinOp
                            IntLit
                                '1'
                            '+'
                            BinOp
                                IntLit
                                    '2'
                                '*'
                                IntLit
                                    '3'
                        '-'
                        IntLit
                            '4'
        '<EOF>'