MiniCalcFile
    Line
        VarDeclarationStatement
            VarDeclaration
                'var'
                Assignment
                    'a'
                    '='
                    BinaryOperation
                        BinaryOperation
                            IntLiteral
                                '1'
                            '+'
                            BinaryOperation
                                IntLiteral
                                    '2'
                                '*'
                                IntLiteral
                                    '3'
                        '-'
                        IntLiteral
                            '4'
        '<EOF>'